{"timestamp":"2026-09-25T13:43:36.950702Z","level":"info","event":"DAG bundles loaded: dags-folder","logger":"airflow.dag_processing.bundles.manager.DagBundlesManager","filename":"manager.py","lineno":179}
{"timestamp":"2026-09-25T13:43:36.952185Z","level":"info","event":"Filling up the DagBag from /opt/airflow/dags/dispatchledger_daily.py","logger":"airflow.models.dagbag.DagBag","filename":"dagbag.py","lineno":593}
{"timestamp":"2026-09-25T13:43:37.049881Z","level":"info","event":"Tmp dir root location: /tmp","logger":"airflow.task.hooks.airflow.providers.standard.hooks.subprocess.SubprocessHook","filename":"subprocess.py","lineno":78}
{"timestamp":"2026-09-25T13:43:37.050751Z","level":"info","event":"Running command: ['/usr/bin/bash', '-c', 'cd /opt/airflow/analytics && /opt/dbt_venv/bin/dbt source freshness --target prod']","logger":"airflow.task.hooks.airflow.providers.standard.hooks.subprocess.SubprocessHook","filename":"subprocess.py","lineno":88}
{"timestamp":"2026-09-25T13:43:37.061410Z","level":"info","event":"Output:","logger":"airflow.task.hooks.airflow.providers.standard.hooks.subprocess.SubprocessHook","filename":"subprocess.py","lineno":99}
{"timestamp":"2026-09-25T13:43:39.113432Z","level":"info","event":"\u001b[0m13:43:39  Running with dbt=1.12.5","logger":"airflow.task.hooks.airflow.providers.standard.hooks.subprocess.SubprocessHook","filename":"subprocess.py","lineno":106}
{"timestamp":"2026-09-25T13:43:39.311459Z","level":"info","event":"\u001b[0m13:43:39  Registered adapter: postgres=1.11.0","logger":"airflow.task.hooks.airflow.providers.standard.hooks.subprocess.SubprocessHook","filename":"subprocess.py","lineno":106}
{"timestamp":"2026-09-25T13:43:39.551082Z","level":"info","event":"\u001b[0m13:43:39  Unable to do partial parsing because config vars, config profile, or config target have changed","logger":"airflow.task.hooks.airflow.providers.standard.hooks.subprocess.SubprocessHook","filename":"subprocess.py","lineno":106}
{"timestamp":"2026-09-25T13:43:39.554633Z","level":"info","event":"\u001b[0m13:43:39  Unable to do partial parsing because profile has changed","logger":"airflow.task.hooks.airflow.providers.standard.hooks.subprocess.SubprocessHook","filename":"subprocess.py","lineno":106}
{"timestamp":"2026-09-25T13:43:41.033122Z","level":"info","event":"\u001b[0m13:43:41  Found 19 models, 50 data tests, 9 sources, 477 macros","logger":"airflow.task.hooks.airflow.providers.standard.hooks.subprocess.SubprocessHook","filename":"subprocess.py","lineno":106}
{"timestamp":"2026-09-25T13:43:41.037234Z","level":"info","event":"\u001b[0m13:43:41","logger":"airflow.task.hooks.airflow.providers.standard.hooks.subprocess.SubprocessHook","filename":"subprocess.py","lineno":106}
{"timestamp":"2026-09-25T13:43:41.038729Z","level":"info","event":"\u001b[0m13:43:41  Concurrency: 4 threads (target='prod')","logger":"airflow.task.hooks.airflow.providers.standard.hooks.subprocess.SubprocessHook","filename":"subprocess.py","lineno":106}
{"timestamp":"2026-09-25T13:43:41.040377Z","level":"info","event":"\u001b[0m13:43:41","logger":"airflow.task.hooks.airflow.providers.standard.hooks.subprocess.SubprocessHook","filename":"subprocess.py","lineno":106}
{"timestamp":"2026-09-25T13:43:41.177776Z","level":"info","event":"\u001b[0m13:43:41  1 of 2 START freshness of app.invoices ......................................... [RUN]","logger":"airflow.task.hooks.airflow.providers.standard.hooks.subprocess.SubprocessHook","filename":"subprocess.py","lineno":106}
{"timestamp":"2026-09-25T13:43:41.179068Z","level":"info","event":"\u001b[0m13:43:41  2 of 2 START freshness of external.raw_fuel_prices ............................. [RUN]","logger":"airflow.task.hooks.airflow.providers.standard.hooks.subprocess.SubprocessHook","filename":"subprocess.py","lineno":106}
{"timestamp":"2026-09-25T13:43:41.232008Z","level":"info","event":"\u001b[0m13:43:41  1 of 2 PASS freshness of app.invoices .......................................... [\u001b[32mPASS\u001b[0m in 0.05s]","logger":"airflow.task.hooks.airflow.providers.standard.hooks.subprocess.SubprocessHook","filename":"subprocess.py","lineno":106}
{"timestamp":"2026-09-25T13:43:41.238007Z","level":"info","event":"\u001b[0m13:43:41  2 of 2 ERROR freshness of external.raw_fuel_prices ............................. [\u001b[31mERROR\u001b[0m in 0.06s]","logger":"airflow.task.hooks.airflow.providers.standard.hooks.subprocess.SubprocessHook","filename":"subprocess.py","lineno":106}
{"timestamp":"2026-09-25T13:43:41.269557Z","level":"info","event":"\u001b[0m13:43:41","logger":"airflow.task.hooks.airflow.providers.standard.hooks.subprocess.SubprocessHook","filename":"subprocess.py","lineno":106}
{"timestamp":"2026-09-25T13:43:41.270611Z","level":"info","event":"\u001b[0m13:43:41  Finished running 2 sources in 0 hours 0 minutes and 0.23 seconds (0.23s).","logger":"airflow.task.hooks.airflow.providers.standard.hooks.subprocess.SubprocessHook","filename":"subprocess.py","lineno":106}
{"timestamp":"2026-09-25T13:43:41.361955Z","level":"info","event":"\u001b[0m13:43:41","logger":"airflow.task.hooks.airflow.providers.standard.hooks.subprocess.SubprocessHook","filename":"subprocess.py","lineno":106}
{"timestamp":"2026-09-25T13:43:41.363468Z","level":"info","event":"\u001b[0m13:43:41    Database Error in source raw_fuel_prices (models/staging/_sources.yml)","logger":"airflow.task.hooks.airflow.providers.standard.hooks.subprocess.SubprocessHook","filename":"subprocess.py","lineno":106}
{"timestamp":"2026-09-25T13:43:41.363560Z","level":"info","event":"  relation \"public.raw_fuel_prices\" does not exist","logger":"airflow.task.hooks.airflow.providers.standard.hooks.subprocess.SubprocessHook","filename":"subprocess.py","lineno":106}
{"timestamp":"2026-09-25T13:43:41.363599Z","level":"info","event":"  LINE 5:     from \"dispatchledger\".\"public\".\"raw_fuel_prices\"","logger":"airflow.task.hooks.airflow.providers.standard.hooks.subprocess.SubprocessHook","filename":"subprocess.py","lineno":106}
{"timestamp":"2026-09-25T13:43:41.363618Z","level":"info","event":"                   ^","logger":"airflow.task.hooks.airflow.providers.standard.hooks.subprocess.SubprocessHook","filename":"subprocess.py","lineno":106}
{"timestamp":"2026-09-25T13:43:41.364574Z","level":"info","event":"\u001b[0m13:43:41  Done.","logger":"airflow.task.hooks.airflow.providers.standard.hooks.subprocess.SubprocessHook","filename":"subprocess.py","lineno":106}
{"timestamp":"2026-09-25T13:43:42.024042Z","level":"info","event":"Command exited with return code 1","logger":"airflow.task.hooks.airflow.providers.standard.hooks.subprocess.SubprocessHook","filename":"subprocess.py","lineno":110}
{"timestamp":"2026-09-25T13:43:42.024649Z","level":"error","event":"Task failed with exception","logger":"task","filename":"task_runner.py","lineno":980,"error_detail":[{"exc_type":"AirflowException","exc_value":"Bash command failed. The command returned a non-zero exit code 1.","exc_notes":[],"syntax_error":null,"is_cause":false,"frames":[{"filename":"/home/airflow/.local/lib/python3.11/site-packages/airflow/sdk/execution_time/task_runner.py","lineno":928,"name":"run"},{"filename":"/home/airflow/.local/lib/python3.11/site-packages/airflow/sdk/execution_time/task_runner.py","lineno":1315,"name":"_execute_task"},{"filename":"/home/airflow/.local/lib/python3.11/site-packages/airflow/sdk/bases/operator.py","lineno":416,"name":"wrapper"},{"filename":"/home/airflow/.local/lib/python3.11/site-packages/airflow/providers/standard/operators/bash.py","lineno":223,"name":"execute"}],"is_group":false,"exceptions":[]}]}
