{"timestamp":"2026-09-25T15:54:37.011126Z","level":"info","event":"DAG bundles loaded: dags-folder","logger":"airflow.dag_processing.bundles.manager.DagBundlesManager","filename":"manager.py","lineno":179}
{"timestamp":"2026-09-25T15:54:37.012300Z","level":"info","event":"Filling up the DagBag from /opt/airflow/dags/dispatchledger_daily.py","logger":"airflow.models.dagbag.DagBag","filename":"dagbag.py","lineno":593}
{"timestamp":"2026-09-25T15:54:37.121550Z","level":"info","event":"Tmp dir root location: /tmp","logger":"airflow.task.hooks.airflow.providers.standard.hooks.subprocess.SubprocessHook","filename":"subprocess.py","lineno":78}
{"timestamp":"2026-09-25T15:54:37.122456Z","level":"info","event":"Running command: ['/usr/bin/bash', '-c', 'cd /opt/airflow/analytics && /opt/dbt_venv/bin/dbt source freshness --target prod']","logger":"airflow.task.hooks.airflow.providers.standard.hooks.subprocess.SubprocessHook","filename":"subprocess.py","lineno":88}
{"timestamp":"2026-09-25T15:54:37.134268Z","level":"info","event":"Output:","logger":"airflow.task.hooks.airflow.providers.standard.hooks.subprocess.SubprocessHook","filename":"subprocess.py","lineno":99}
{"timestamp":"2026-09-25T15:54:38.599109Z","level":"info","event":"\u001b[0m15:54:38  Running with dbt=1.12.5","logger":"airflow.task.hooks.airflow.providers.standard.hooks.subprocess.SubprocessHook","filename":"subprocess.py","lineno":106}
{"timestamp":"2026-09-25T15:54:38.786477Z","level":"info","event":"\u001b[0m15:54:38  Registered adapter: postgres=1.11.0","logger":"airflow.task.hooks.airflow.providers.standard.hooks.subprocess.SubprocessHook","filename":"subprocess.py","lineno":106}
{"timestamp":"2026-09-25T15:54:39.446973Z","level":"info","event":"\u001b[0m15:54:39  Found 19 models, 50 data tests, 9 sources, 477 macros","logger":"airflow.task.hooks.airflow.providers.standard.hooks.subprocess.SubprocessHook","filename":"subprocess.py","lineno":106}
{"timestamp":"2026-09-25T15:54:39.451817Z","level":"info","event":"\u001b[0m15:54:39","logger":"airflow.task.hooks.airflow.providers.standard.hooks.subprocess.SubprocessHook","filename":"subprocess.py","lineno":106}
{"timestamp":"2026-09-25T15:54:39.453144Z","level":"info","event":"\u001b[0m15:54:39  Concurrency: 4 threads (target='prod')","logger":"airflow.task.hooks.airflow.providers.standard.hooks.subprocess.SubprocessHook","filename":"subprocess.py","lineno":106}
{"timestamp":"2026-09-25T15:54:39.454290Z","level":"info","event":"\u001b[0m15:54:39","logger":"airflow.task.hooks.airflow.providers.standard.hooks.subprocess.SubprocessHook","filename":"subprocess.py","lineno":106}
{"timestamp":"2026-09-25T15:54:39.585739Z","level":"info","event":"\u001b[0m15:54:39  1 of 2 START freshness of app.invoices ......................................... [RUN]","logger":"airflow.task.hooks.airflow.providers.standard.hooks.subprocess.SubprocessHook","filename":"subprocess.py","lineno":106}
{"timestamp":"2026-09-25T15:54:39.586943Z","level":"info","event":"\u001b[0m15:54:39  2 of 2 START freshness of external.raw_fuel_prices ............................. [RUN]","logger":"airflow.task.hooks.airflow.providers.standard.hooks.subprocess.SubprocessHook","filename":"subprocess.py","lineno":106}
{"timestamp":"2026-09-25T15:54:39.642165Z","level":"info","event":"\u001b[0m15:54:39  2 of 2 PASS freshness of external.raw_fuel_prices .............................. [\u001b[32mPASS\u001b[0m in 0.05s]","logger":"airflow.task.hooks.airflow.providers.standard.hooks.subprocess.SubprocessHook","filename":"subprocess.py","lineno":106}
{"timestamp":"2026-09-25T15:54:39.643708Z","level":"info","event":"\u001b[0m15:54:39  1 of 2 WARN freshness of app.invoices .......................................... [\u001b[33mWARN\u001b[0m in 0.06s]","logger":"airflow.task.hooks.airflow.providers.standard.hooks.subprocess.SubprocessHook","filename":"subprocess.py","lineno":106}
{"timestamp":"2026-09-25T15:54:39.677076Z","level":"info","event":"\u001b[0m15:54:39","logger":"airflow.task.hooks.airflow.providers.standard.hooks.subprocess.SubprocessHook","filename":"subprocess.py","lineno":106}
{"timestamp":"2026-09-25T15:54:39.678417Z","level":"info","event":"\u001b[0m15:54:39  Finished running 2 sources in 0 hours 0 minutes and 0.22 seconds (0.22s).","logger":"airflow.task.hooks.airflow.providers.standard.hooks.subprocess.SubprocessHook","filename":"subprocess.py","lineno":106}
{"timestamp":"2026-09-25T15:54:39.778164Z","level":"info","event":"\u001b[0m15:54:39  Done.","logger":"airflow.task.hooks.airflow.providers.standard.hooks.subprocess.SubprocessHook","filename":"subprocess.py","lineno":106}
{"timestamp":"2026-09-25T15:54:40.303397Z","level":"info","event":"Command exited with return code 0","logger":"airflow.task.hooks.airflow.providers.standard.hooks.subprocess.SubprocessHook","filename":"subprocess.py","lineno":110}
{"timestamp":"2026-09-25T15:54:40.304093Z","level":"info","event":"Pushing xcom","ti":"RuntimeTaskInstance(id=UUID('01a0d93d-02ce-7c48-9143-40ccb44137df'), task_id='check_source_freshness', dag_id='dispatchledger_daily', run_id='scheduled__2026-09-25T06:00:00+00:00', try_number=4, dag_version_id=UUID('01a0cfe9-fab6-78b8-b431-8ddbd9728119'), map_index=-1, hostname='0c0fd7e369bd', context_carrier={}, task=<Task(BashOperator): check_source_freshness>, bundle_instance=LocalDagBundle(name=dags-folder), max_tries=5, start_date=datetime.datetime(2026, 9, 25, 15, 54, 36, 986278, tzinfo=datetime.timezone.utc), end_date=None, state=<TaskInstanceState.RUNNING: 'running'>, is_mapped=False, rendered_map_index=None)","logger":"task","filename":"task_runner.py","lineno":1360}
