{"timestamp":"2026-09-25T13:48:42.332139Z","level":"info","event":"DAG bundles loaded: dags-folder","logger":"airflow.dag_processing.bundles.manager.DagBundlesManager","filename":"manager.py","lineno":179}
{"timestamp":"2026-09-25T13:48:42.333289Z","level":"info","event":"Filling up the DagBag from /opt/airflow/dags/dispatchledger_daily.py","logger":"airflow.models.dagbag.DagBag","filename":"dagbag.py","lineno":593}
{"timestamp":"2026-09-25T13:48:42.590931Z","level":"info","event":"Tmp dir root location: /tmp","logger":"airflow.task.hooks.airflow.providers.standard.hooks.subprocess.SubprocessHook","filename":"subprocess.py","lineno":78}
{"timestamp":"2026-09-25T13:48:42.592005Z","level":"info","event":"Running command: ['/usr/bin/bash', '-c', 'cd /opt/airflow/analytics && /opt/dbt_venv/bin/dbt source freshness --target prod']","logger":"airflow.task.hooks.airflow.providers.standard.hooks.subprocess.SubprocessHook","filename":"subprocess.py","lineno":88}
{"timestamp":"2026-09-25T13:48:42.602139Z","level":"info","event":"Output:","logger":"airflow.task.hooks.airflow.providers.standard.hooks.subprocess.SubprocessHook","filename":"subprocess.py","lineno":99}
{"timestamp":"2026-09-25T13:48:44.044797Z","level":"info","event":"\u001b[0m13:48:44  Running with dbt=1.12.5","logger":"airflow.task.hooks.airflow.providers.standard.hooks.subprocess.SubprocessHook","filename":"subprocess.py","lineno":106}
{"timestamp":"2026-09-25T13:48:44.204485Z","level":"info","event":"\u001b[0m13:48:44  Registered adapter: postgres=1.11.0","logger":"airflow.task.hooks.airflow.providers.standard.hooks.subprocess.SubprocessHook","filename":"subprocess.py","lineno":106}
{"timestamp":"2026-09-25T13:48:44.856316Z","level":"info","event":"\u001b[0m13:48:44  Found 19 models, 50 data tests, 9 sources, 477 macros","logger":"airflow.task.hooks.airflow.providers.standard.hooks.subprocess.SubprocessHook","filename":"subprocess.py","lineno":106}
{"timestamp":"2026-09-25T13:48:44.860626Z","level":"info","event":"\u001b[0m13:48:44","logger":"airflow.task.hooks.airflow.providers.standard.hooks.subprocess.SubprocessHook","filename":"subprocess.py","lineno":106}
{"timestamp":"2026-09-25T13:48:44.861781Z","level":"info","event":"\u001b[0m13:48:44  Concurrency: 4 threads (target='prod')","logger":"airflow.task.hooks.airflow.providers.standard.hooks.subprocess.SubprocessHook","filename":"subprocess.py","lineno":106}
{"timestamp":"2026-09-25T13:48:44.862768Z","level":"info","event":"\u001b[0m13:48:44","logger":"airflow.task.hooks.airflow.providers.standard.hooks.subprocess.SubprocessHook","filename":"subprocess.py","lineno":106}
{"timestamp":"2026-09-25T13:48:44.991575Z","level":"info","event":"\u001b[0m13:48:44  1 of 2 START freshness of app.invoices ......................................... [RUN]","logger":"airflow.task.hooks.airflow.providers.standard.hooks.subprocess.SubprocessHook","filename":"subprocess.py","lineno":106}
{"timestamp":"2026-09-25T13:48:44.993109Z","level":"info","event":"\u001b[0m13:48:44  2 of 2 START freshness of external.raw_fuel_prices ............................. [RUN]","logger":"airflow.task.hooks.airflow.providers.standard.hooks.subprocess.SubprocessHook","filename":"subprocess.py","lineno":106}
{"timestamp":"2026-09-25T13:48:45.053949Z","level":"info","event":"\u001b[0m13:48:45  1 of 2 PASS freshness of app.invoices .......................................... [\u001b[32mPASS\u001b[0m in 0.06s]","logger":"airflow.task.hooks.airflow.providers.standard.hooks.subprocess.SubprocessHook","filename":"subprocess.py","lineno":106}
{"timestamp":"2026-09-25T13:48:45.062090Z","level":"info","event":"\u001b[0m13:48:45  2 of 2 ERROR freshness of external.raw_fuel_prices ............................. [\u001b[31mERROR\u001b[0m in 0.07s]","logger":"airflow.task.hooks.airflow.providers.standard.hooks.subprocess.SubprocessHook","filename":"subprocess.py","lineno":106}
{"timestamp":"2026-09-25T13:48:45.091053Z","level":"info","event":"\u001b[0m13:48:45","logger":"airflow.task.hooks.airflow.providers.standard.hooks.subprocess.SubprocessHook","filename":"subprocess.py","lineno":106}
{"timestamp":"2026-09-25T13:48:45.092119Z","level":"info","event":"\u001b[0m13:48:45  Finished running 2 sources in 0 hours 0 minutes and 0.23 seconds (0.23s).","logger":"airflow.task.hooks.airflow.providers.standard.hooks.subprocess.SubprocessHook","filename":"subprocess.py","lineno":106}
{"timestamp":"2026-09-25T13:48:45.188071Z","level":"info","event":"\u001b[0m13:48:45","logger":"airflow.task.hooks.airflow.providers.standard.hooks.subprocess.SubprocessHook","filename":"subprocess.py","lineno":106}
{"timestamp":"2026-09-25T13:48:45.189504Z","level":"info","event":"\u001b[0m13:48:45    Database Error in source raw_fuel_prices (models/staging/_sources.yml)","logger":"airflow.task.hooks.airflow.providers.standard.hooks.subprocess.SubprocessHook","filename":"subprocess.py","lineno":106}
{"timestamp":"2026-09-25T13:48:45.189614Z","level":"info","event":"  relation \"public.raw_fuel_prices\" does not exist","logger":"airflow.task.hooks.airflow.providers.standard.hooks.subprocess.SubprocessHook","filename":"subprocess.py","lineno":106}
{"timestamp":"2026-09-25T13:48:45.189663Z","level":"info","event":"  LINE 5:     from \"dispatchledger\".\"public\".\"raw_fuel_prices\"","logger":"airflow.task.hooks.airflow.providers.standard.hooks.subprocess.SubprocessHook","filename":"subprocess.py","lineno":106}
{"timestamp":"2026-09-25T13:48:45.189685Z","level":"info","event":"                   ^","logger":"airflow.task.hooks.airflow.providers.standard.hooks.subprocess.SubprocessHook","filename":"subprocess.py","lineno":106}
{"timestamp":"2026-09-25T13:48:45.191180Z","level":"info","event":"\u001b[0m13:48:45  Done.","logger":"airflow.task.hooks.airflow.providers.standard.hooks.subprocess.SubprocessHook","filename":"subprocess.py","lineno":106}
{"timestamp":"2026-09-25T13:48:45.766221Z","level":"info","event":"Command exited with return code 1","logger":"airflow.task.hooks.airflow.providers.standard.hooks.subprocess.SubprocessHook","filename":"subprocess.py","lineno":110}
{"timestamp":"2026-09-25T13:48:45.766923Z","level":"error","event":"Task failed with exception","logger":"task","filename":"task_runner.py","lineno":980,"error_detail":[{"exc_type":"AirflowException","exc_value":"Bash command failed. The command returned a non-zero exit code 1.","exc_notes":[],"syntax_error":null,"is_cause":false,"frames":[{"filename":"/home/airflow/.local/lib/python3.11/site-packages/airflow/sdk/execution_time/task_runner.py","lineno":928,"name":"run"},{"filename":"/home/airflow/.local/lib/python3.11/site-packages/airflow/sdk/execution_time/task_runner.py","lineno":1315,"name":"_execute_task"},{"filename":"/home/airflow/.local/lib/python3.11/site-packages/airflow/sdk/bases/operator.py","lineno":416,"name":"wrapper"},{"filename":"/home/airflow/.local/lib/python3.11/site-packages/airflow/providers/standard/operators/bash.py","lineno":223,"name":"execute"}],"is_group":false,"exceptions":[]}]}
