{"timestamp":"2026-09-25T16:14:33.730245Z","level":"info","event":"DAG bundles loaded: dags-folder","logger":"airflow.dag_processing.bundles.manager.DagBundlesManager","filename":"manager.py","lineno":179}
{"timestamp":"2026-09-25T16:14:33.731539Z","level":"info","event":"Filling up the DagBag from /opt/airflow/dags/dispatchledger_daily.py","logger":"airflow.models.dagbag.DagBag","filename":"dagbag.py","lineno":593}
{"timestamp":"2026-09-25T16:14:33.878652Z","level":"info","event":"Tmp dir root location: /tmp","logger":"airflow.task.hooks.airflow.providers.standard.hooks.subprocess.SubprocessHook","filename":"subprocess.py","lineno":78}
{"timestamp":"2026-09-25T16:14:33.879773Z","level":"info","event":"Running command: ['/usr/bin/bash', '-c', 'cd /opt/airflow/analytics && /opt/dbt_venv/bin/dbt source freshness --target prod']","logger":"airflow.task.hooks.airflow.providers.standard.hooks.subprocess.SubprocessHook","filename":"subprocess.py","lineno":88}
{"timestamp":"2026-09-25T16:14:33.893292Z","level":"info","event":"Output:","logger":"airflow.task.hooks.airflow.providers.standard.hooks.subprocess.SubprocessHook","filename":"subprocess.py","lineno":99}
{"timestamp":"2026-09-25T16:14:35.378811Z","level":"info","event":"\u001b[0m16:14:35  Running with dbt=1.12.5","logger":"airflow.task.hooks.airflow.providers.standard.hooks.subprocess.SubprocessHook","filename":"subprocess.py","lineno":106}
{"timestamp":"2026-09-25T16:14:35.652261Z","level":"info","event":"\u001b[0m16:14:35  Registered adapter: postgres=1.11.0","logger":"airflow.task.hooks.airflow.providers.standard.hooks.subprocess.SubprocessHook","filename":"subprocess.py","lineno":106}
{"timestamp":"2026-09-25T16:14:36.314120Z","level":"info","event":"\u001b[0m16:14:36  Found 19 models, 50 data tests, 9 sources, 477 macros","logger":"airflow.task.hooks.airflow.providers.standard.hooks.subprocess.SubprocessHook","filename":"subprocess.py","lineno":106}
{"timestamp":"2026-09-25T16:14:36.317935Z","level":"info","event":"\u001b[0m16:14:36","logger":"airflow.task.hooks.airflow.providers.standard.hooks.subprocess.SubprocessHook","filename":"subprocess.py","lineno":106}
{"timestamp":"2026-09-25T16:14:36.319253Z","level":"info","event":"\u001b[0m16:14:36  Concurrency: 4 threads (target='prod')","logger":"airflow.task.hooks.airflow.providers.standard.hooks.subprocess.SubprocessHook","filename":"subprocess.py","lineno":106}
{"timestamp":"2026-09-25T16:14:36.320625Z","level":"info","event":"\u001b[0m16:14:36","logger":"airflow.task.hooks.airflow.providers.standard.hooks.subprocess.SubprocessHook","filename":"subprocess.py","lineno":106}
{"timestamp":"2026-09-25T16:14:36.461542Z","level":"info","event":"\u001b[0m16:14:36  1 of 2 START freshness of app.invoices ......................................... [RUN]","logger":"airflow.task.hooks.airflow.providers.standard.hooks.subprocess.SubprocessHook","filename":"subprocess.py","lineno":106}
{"timestamp":"2026-09-25T16:14:36.462910Z","level":"info","event":"\u001b[0m16:14:36  2 of 2 START freshness of external.raw_fuel_prices ............................. [RUN]","logger":"airflow.task.hooks.airflow.providers.standard.hooks.subprocess.SubprocessHook","filename":"subprocess.py","lineno":106}
{"timestamp":"2026-09-25T16:14:36.530825Z","level":"info","event":"\u001b[0m16:14:36  1 of 2 WARN freshness of app.invoices .......................................... [\u001b[33mWARN\u001b[0m in 0.07s]","logger":"airflow.task.hooks.airflow.providers.standard.hooks.subprocess.SubprocessHook","filename":"subprocess.py","lineno":106}
{"timestamp":"2026-09-25T16:14:36.532582Z","level":"info","event":"\u001b[0m16:14:36  2 of 2 PASS freshness of external.raw_fuel_prices .............................. [\u001b[32mPASS\u001b[0m in 0.07s]","logger":"airflow.task.hooks.airflow.providers.standard.hooks.subprocess.SubprocessHook","filename":"subprocess.py","lineno":106}
{"timestamp":"2026-09-25T16:14:36.568735Z","level":"info","event":"\u001b[0m16:14:36","logger":"airflow.task.hooks.airflow.providers.standard.hooks.subprocess.SubprocessHook","filename":"subprocess.py","lineno":106}
{"timestamp":"2026-09-25T16:14:36.569879Z","level":"info","event":"\u001b[0m16:14:36  Finished running 2 sources in 0 hours 0 minutes and 0.25 seconds (0.25s).","logger":"airflow.task.hooks.airflow.providers.standard.hooks.subprocess.SubprocessHook","filename":"subprocess.py","lineno":106}
{"timestamp":"2026-09-25T16:14:36.669236Z","level":"info","event":"\u001b[0m16:14:36  Done.","logger":"airflow.task.hooks.airflow.providers.standard.hooks.subprocess.SubprocessHook","filename":"subprocess.py","lineno":106}
{"timestamp":"2026-09-25T16:14:37.211572Z","level":"info","event":"Command exited with return code 0","logger":"airflow.task.hooks.airflow.providers.standard.hooks.subprocess.SubprocessHook","filename":"subprocess.py","lineno":110}
{"timestamp":"2026-09-25T16:14:37.212242Z","level":"info","event":"Pushing xcom","ti":"RuntimeTaskInstance(id=UUID('01a0d958-9de4-7728-9d50-05db37c5bcf2'), task_id='check_source_freshness', dag_id='dispatchledger_daily', run_id='scheduled__2026-09-25T06:00:00+00:00', try_number=5, dag_version_id=UUID('01a0cfe9-fab6-78b8-b431-8ddbd9728119'), map_index=-1, hostname='0c0fd7e369bd', context_carrier={}, task=<Task(BashOperator): check_source_freshness>, bundle_instance=LocalDagBundle(name=dags-folder), max_tries=6, start_date=datetime.datetime(2026, 9, 25, 16, 14, 33, 705881, tzinfo=datetime.timezone.utc), end_date=None, state=<TaskInstanceState.RUNNING: 'running'>, is_mapped=False, rendered_map_index=None)","logger":"task","filename":"task_runner.py","lineno":1360}
